{"prepared": 128, "documents_per_question": 50, "total_read_windows": 247}
{
  "count": 128,
  "em": 0.5234375,
  "f1": 0.5920578553391054,
  "historical_baseline_em": null,
  "historical_baseline_f1": null,
  "baseline_comparison_available": false,
  "errors": 0,
  "missing_final_answers": 0,
  "parse_failures": 0,
  "protocol_invalid_questions": 17,
  "protocol_repair_failures": 20,
  "update_rejected_lines": 119,
  "memory_rejected_lines": 39,
  "binding_holds": 99,
  "resource_limits": 0,
  "input_tokens": 1908982,
  "output_tokens": 104999,
  "actual_request_attempts": 1211,
  "failed_request_attempts": 67,
  "truncated_outputs": 0,
  "format_repair_events": 103,
  "memory_command_rejections": 61,
  "fact_skips": 0,
  "cross_window_promotions": 6,
  "request_parameters_audited": true,
  "connect_ip": "47.239.215.199",
  "successful_requests_on_configured_ip": 1144,
  "paper_exact_reproduction": false,
  "wall_time_seconds": 11093.61201825802
}
